-- Configuring done (0.2s)
-- Generating done (0.1s)
-- Build files have been written to: D:/Users/Yaofeng/DCinfer/build
[0/2] Re-checking globbed directories...
[1/3] Building CXX object DCinfer\CMakeFiles\DCinfer.dir\src\InferGraph.cpp.obj
[2/3] Linking CXX static library lib\DCinfer.lib
